Performing system checks...

System check identified no issues (0 silenced).
June 02, 2026 - 12:14:17
Django version 5.2.11, using settings 'config.settings'
Starting development server at http://0.0.0.0:8001/
Quit the server with CTRL-BREAK.

WARNING: This is a development server. Do not use it in a production setting. Use a production WSGI or ASGI server instead.
For more information on production servers see: https://docs.djangoproject.com/en/5.2/howto/deployment/
Performing system checks...

System check identified no issues (0 silenced).
June 02, 2026 - 12:27:57
Django version 5.2.11, using settings 'config.settings'
Starting development server at http://0.0.0.0:8001/
Quit the server with CTRL-BREAK.

WARNING: This is a development server. Do not use it in a production setting. Use a production WSGI or ASGI server instead.
For more information on production servers see: https://docs.djangoproject.com/en/5.2/howto/deployment/
Performing system checks...

System check identified no issues (0 silenced).
June 02, 2026 - 12:28:06
Django version 5.2.11, using settings 'config.settings'
Starting development server at http://0.0.0.0:8001/
Quit the server with CTRL-BREAK.

WARNING: This is a development server. Do not use it in a production setting. Use a production WSGI or ASGI server instead.
For more information on production servers see: https://docs.djangoproject.com/en/5.2/howto/deployment/
Performing system checks...

System check identified no issues (0 silenced).
June 02, 2026 - 12:28:23
Django version 5.2.11, using settings 'config.settings'
Starting development server at http://0.0.0.0:8001/
Quit the server with CTRL-BREAK.

WARNING: This is a development server. Do not use it in a production setting. Use a production WSGI or ASGI server instead.
For more information on production servers see: https://docs.djangoproject.com/en/5.2/howto/deployment/
Performing system checks...

System check identified no issues (0 silenced).
June 02, 2026 - 12:28:58
Django version 5.2.11, using settings 'config.settings'
Starting development server at http://0.0.0.0:8001/
Quit the server with CTRL-BREAK.

WARNING: This is a development server. Do not use it in a production setting. Use a production WSGI or ASGI server instead.
For more information on production servers see: https://docs.djangoproject.com/en/5.2/howto/deployment/
Performing system checks...

System check identified no issues (0 silenced).
June 02, 2026 - 12:29:31
Django version 5.2.11, using settings 'config.settings'
Starting development server at http://0.0.0.0:8001/
Quit the server with CTRL-BREAK.

WARNING: This is a development server. Do not use it in a production setting. Use a production WSGI or ASGI server instead.
For more information on production servers see: https://docs.djangoproject.com/en/5.2/howto/deployment/
Performing system checks...

System check identified no issues (0 silenced).
June 02, 2026 - 12:29:35
Django version 5.2.11, using settings 'config.settings'
Starting development server at http://0.0.0.0:8001/
Quit the server with CTRL-BREAK.

WARNING: This is a development server. Do not use it in a production setting. Use a production WSGI or ASGI server instead.
For more information on production servers see: https://docs.djangoproject.com/en/5.2/howto/deployment/
Performing system checks...

System check identified no issues (0 silenced).
June 02, 2026 - 12:33:32
Django version 5.2.11, using settings 'config.settings'
Starting development server at http://0.0.0.0:8001/
Quit the server with CTRL-BREAK.

WARNING: This is a development server. Do not use it in a production setting. Use a production WSGI or ASGI server instead.
For more information on production servers see: https://docs.djangoproject.com/en/5.2/howto/deployment/
Performing system checks...

System check identified no issues (0 silenced).
June 02, 2026 - 12:33:50
Django version 5.2.11, using settings 'config.settings'
Starting development server at http://0.0.0.0:8001/
Quit the server with CTRL-BREAK.

WARNING: This is a development server. Do not use it in a production setting. Use a production WSGI or ASGI server instead.
For more information on production servers see: https://docs.djangoproject.com/en/5.2/howto/deployment/
Performing system checks...

System check identified no issues (0 silenced).
June 02, 2026 - 12:34:05
Django version 5.2.11, using settings 'config.settings'
Starting development server at http://0.0.0.0:8001/
Quit the server with CTRL-BREAK.

WARNING: This is a development server. Do not use it in a production setting. Use a production WSGI or ASGI server instead.
For more information on production servers see: https://docs.djangoproject.com/en/5.2/howto/deployment/
Performing system checks...

System check identified no issues (0 silenced).
June 02, 2026 - 12:34:48
Django version 5.2.11, using settings 'config.settings'
Starting development server at http://0.0.0.0:8001/
Quit the server with CTRL-BREAK.

WARNING: This is a development server. Do not use it in a production setting. Use a production WSGI or ASGI server instead.
For more information on production servers see: https://docs.djangoproject.com/en/5.2/howto/deployment/
Performing system checks...

System check identified no issues (0 silenced).
June 02, 2026 - 12:36:05
Django version 5.2.11, using settings 'config.settings'
Starting development server at http://0.0.0.0:8001/
Quit the server with CTRL-BREAK.

WARNING: This is a development server. Do not use it in a production setting. Use a production WSGI or ASGI server instead.
For more information on production servers see: https://docs.djangoproject.com/en/5.2/howto/deployment/
Performing system checks...

System check identified no issues (0 silenced).
June 02, 2026 - 12:36:18
Django version 5.2.11, using settings 'config.settings'
Starting development server at http://0.0.0.0:8001/
Quit the server with CTRL-BREAK.

WARNING: This is a development server. Do not use it in a production setting. Use a production WSGI or ASGI server instead.
For more information on production servers see: https://docs.djangoproject.com/en/5.2/howto/deployment/
Performing system checks...

System check identified no issues (0 silenced).
June 02, 2026 - 12:38:59
Django version 5.2.11, using settings 'config.settings'
Starting development server at http://0.0.0.0:8001/
Quit the server with CTRL-BREAK.

WARNING: This is a development server. Do not use it in a production setting. Use a production WSGI or ASGI server instead.
For more information on production servers see: https://docs.djangoproject.com/en/5.2/howto/deployment/
Performing system checks...

System check identified no issues (0 silenced).
June 02, 2026 - 12:39:43
Django version 5.2.11, using settings 'config.settings'
Starting development server at http://0.0.0.0:8001/
Quit the server with CTRL-BREAK.

WARNING: This is a development server. Do not use it in a production setting. Use a production WSGI or ASGI server instead.
For more information on production servers see: https://docs.djangoproject.com/en/5.2/howto/deployment/
Performing system checks...

System check identified no issues (0 silenced).
June 02, 2026 - 12:40:15
Django version 5.2.11, using settings 'config.settings'
Starting development server at http://0.0.0.0:8001/
Quit the server with CTRL-BREAK.

WARNING: This is a development server. Do not use it in a production setting. Use a production WSGI or ASGI server instead.
For more information on production servers see: https://docs.djangoproject.com/en/5.2/howto/deployment/
Performing system checks...

System check identified no issues (0 silenced).
June 02, 2026 - 12:40:58
Django version 5.2.11, using settings 'config.settings'
Starting development server at http://0.0.0.0:8001/
Quit the server with CTRL-BREAK.

WARNING: This is a development server. Do not use it in a production setting. Use a production WSGI or ASGI server instead.
For more information on production servers see: https://docs.djangoproject.com/en/5.2/howto/deployment/
Performing system checks...

System check identified no issues (0 silenced).
June 02, 2026 - 12:41:49
Django version 5.2.11, using settings 'config.settings'
Starting development server at http://0.0.0.0:8001/
Quit the server with CTRL-BREAK.

WARNING: This is a development server. Do not use it in a production setting. Use a production WSGI or ASGI server instead.
For more information on production servers see: https://docs.djangoproject.com/en/5.2/howto/deployment/
Performing system checks...

System check identified no issues (0 silenced).
June 02, 2026 - 12:41:55
Django version 5.2.11, using settings 'config.settings'
Starting development server at http://0.0.0.0:8001/
Quit the server with CTRL-BREAK.

WARNING: This is a development server. Do not use it in a production setting. Use a production WSGI or ASGI server instead.
For more information on production servers see: https://docs.djangoproject.com/en/5.2/howto/deployment/
